2026-09-18 21:40:02 URL:http://archive.ubuntu.com/ubuntu/dists/jammy/InRelease [270087/270087] -> "/workspace/build_cache/chroot/var/lib/apt/lists/partial/archive.ubuntu.com_ubuntu_dists_jammy_InRelease" [1]
gpgv: Signature made Thu Apr 21 17:16:39 2022 UTC
gpgv:                using RSA key 871920D1991BC93C
gpgv: Good signature from "Ubuntu Archive Automatic Signing Key (2018) <ftpmaster@ubuntu.com>"
2026-09-18 21:40:51 URL:http://archive.ubuntu.com/ubuntu/dists/jammy/main/binary-amd64/by-hash/SHA256/37cb57f1554cbfa71c5a29ee9ffee18a9a8c1782bb0568e0874b7ff4ce8f9c11 [1394768/1394768] -> "/workspace/build_cache/chroot/var/lib/apt/lists/partial/archive.ubuntu.com_ubuntu_dists_jammy_main_binary-amd64_Packages.xz" [1]
2026-09-18 21:40:53 URL:http://archive.ubuntu.com/ubuntu/dists/jammy/restricted/binary-amd64/by-hash/SHA256/92102b5d9dfb7804293891528d5e57c3d05949df71af613d4f99fcb7d6a3f488 [129256/129256] -> "/workspace/build_cache/chroot/var/lib/apt/lists/partial/archive.ubuntu.com_ubuntu_dists_jammy_restricted_binary-amd64_Packages.xz" [1]
2026-09-18 21:41:03 URL:http://archive.ubuntu.com/ubuntu/dists/jammy/universe/binary-amd64/by-hash/SHA256/d29cb24c93fec5f43255706bce7eb46d4779952039d8c68ac1bb14a6f3655ce2 [14090084/14090084] -> "/workspace/build_cache/chroot/var/lib/apt/lists/partial/archive.ubuntu.com_ubuntu_dists_jammy_universe_binary-amd64_Packages.xz" [1]
2026-09-18 21:41:11 URL:http://archive.ubuntu.com/ubuntu/dists/jammy/multiverse/binary-amd64/by-hash/SHA256/e24bf9b5daf5387aa5311f69367b248b1d46d37d72480760f91f5a312c7eb43c [216948/216948] -> "/workspace/build_cache/chroot/var/lib/apt/lists/partial/archive.ubuntu.com_ubuntu_dists_jammy_multiverse_binary-amd64_Packages.xz" [1]
2026-09-18 21:41:24 URL:http://archive.ubuntu.com/ubuntu/pool/main/a/adduser/adduser_3.118ubuntu5_all.deb [155528/155528] -> "/workspace/build_cache/chroot//var/cache/apt/archives/partial/adduser_3.118ubuntu5_all.deb" [1]
2026-09-18 21:41:26 URL:http://archive.ubuntu.com/ubuntu/pool/main/a/apt/apt_2.4.5_amd64.deb [1379030/1379030] -> "/workspace/build_cache/chroot//var/cache/apt/archives/partial/apt_2.4.5_amd64.deb" [1]
2026-09-18 21:41:28 URL:http://archive.ubuntu.com/ubuntu/pool/main/a/apt/apt-utils_2.4.5_amd64.deb [210940/210940] -> "/workspace/build_cache/chroot//var/cache/apt/archives/partial/apt-utils_2.4.5_amd64.deb" [1]
2026-09-18 21:41:29 URL:http://archive.ubuntu.com/ubuntu/pool/main/b/base-files/base-files_12ubuntu4_amd64.deb [62940/62940] -> "/workspace/build_cache/chroot//var/cache/apt/archives/partial/base-files_12ubuntu4_amd64.deb" [1]
2026-09-18 21:41:30 URL:http://archive.ubuntu.com/ubuntu/pool/main/b/base-passwd/base-passwd_3.5.52build1_amd64.deb [49100/49100] -> "/workspace/build_cache/chroot//var/cache/apt/archives/partial/base-passwd_3.5.52build1_amd64.deb" [1]
2026-09-18 21:41:32 URL:http://archive.ubuntu.com/ubuntu/pool/main/b/bash/bash_5.1-6ubuntu1_amd64.deb [768660/768660] -> "/workspace/build_cache/chroot//var/cache/apt/archives/partial/bash_5.1-6ubuntu1_amd64.deb" [1]
2026-09-18 21:41:33 URL:http://archive.ubuntu.com/ubuntu/pool/main/u/util-linux/bsdutils_2.37.2-4ubuntu3_amd64.deb [81460/81460] -> "/workspace/build_cache/chroot//var/cache/apt/archives/partial/bsdutils_1%3a2.37.2-4ubuntu3_amd64.deb" [1]
2026-09-18 21:41:35 URL:http://archive.ubuntu.com/ubuntu/pool/main/c/ca-certificates/ca-certificates_20211016_all.deb [147612/147612] -> "/workspace/build_cache/chroot//var/cache/apt/archives/partial/ca-certificates_20211016_all.deb" [1]
2026-09-18 21:41:36 URL:http://archive.ubuntu.com/ubuntu/pool/main/c/console-setup/console-setup_1.205ubuntu3_all.deb [110278/110278] -> "/workspace/build_cache/chroot//var/cache/apt/archives/partial/console-setup_1.205ubuntu3_all.deb" [1]
2026-09-18 21:41:38 URL:http://archive.ubuntu.com/ubuntu/pool/main/c/console-setup/console-setup-linux_1.205ubuntu3_all.deb [1870586/1870586] -> "/workspace/build_cache/chroot//var/cache/apt/archives/partial/console-setup-linux_1.205ubuntu3_all.deb" [1]
2026-09-18 21:41:41 URL:http://archive.ubuntu.com/ubuntu/pool/main/c/coreutils/coreutils_8.32-4.1ubuntu1_amd64.deb [1437656/1437656] -> "/workspace/build_cache/chroot//var/cache/apt/archives/partial/coreutils_8.32-4.1ubuntu1_amd64.deb" [1]
2026-09-18 21:41:42 URL:http://archive.ubuntu.com/ubuntu/pool/main/c/cron/cron_3.0pl1-137ubuntu3_amd64.deb [73668/73668] -> "/workspace/build_cache/chroot//var/cache/apt/archives/partial/cron_3.0pl1-137ubuntu3_amd64.deb" [1]
2026-09-18 21:41:43 URL:http://archive.ubuntu.com/ubuntu/pool/main/d/dash/dash_0.5.11+git20210903+057cd650a4ed-3build1_amd64.deb [92010/92010] -> "/workspace/build_cache/chroot//var/cache/apt/archives/partial/dash_0.5.11+git20210903+057cd650a4ed-3build1_amd64.deb" [1]
2026-09-18 21:41:44 URL:http://archive.ubuntu.com/ubuntu/pool/main/d/dbus/dbus_1.12.20-2ubuntu4_amd64.deb [158100/158100] -> "/workspace/build_cache/chroot//var/cache/apt/archives/partial/dbus_1.12.20-2ubuntu4_amd64.deb" [1]
2026-09-18 21:41:45 URL:http://archive.ubuntu.com/ubuntu/pool/main/d/debconf/debconf_1.5.79ubuntu1_all.deb [126202/126202] -> "/workspace/build_cache/chroot//var/cache/apt/archives/partial/debconf_1.5.79ubuntu1_all.deb" [1]
2026-09-18 21:41:47 URL:http://archive.ubuntu.com/ubuntu/pool/main/d/debconf/debconf-i18n_1.5.79ubuntu1_all.deb [216498/216498] -> "/workspace/build_cache/chroot//var/cache/apt/archives/partial/debconf-i18n_1.5.79ubuntu1_all.deb" [1]
2026-09-18 21:41:48 URL:http://archive.ubuntu.com/ubuntu/pool/main/d/debianutils/debianutils_5.5-1ubuntu2_amd64.deb [106608/106608] -> "/workspace/build_cache/chroot//var/cache/apt/archives/partial/debianutils_5.5-1ubuntu2_amd64.deb" [1]
2026-09-18 21:41:50 URL:http://archive.ubuntu.com/ubuntu/pool/main/d/diffutils/diffutils_3.8-0ubuntu2_amd64.deb [172382/172382] -> "/workspace/build_cache/chroot//var/cache/apt/archives/partial/diffutils_1%3a3.8-0ubuntu2_amd64.deb" [1]
2026-09-18 21:41:50 URL:http://archive.ubuntu.com/ubuntu/pool/main/d/distro-info/distro-info_1.1build1_amd64.deb [19074/19074] -> "/workspace/build_cache/chroot//var/cache/apt/archives/partial/distro-info_1.1build1_amd64.deb" [1]
2026-09-18 21:41:51 URL:http://archive.ubuntu.com/ubuntu/pool/main/d/distro-info-data/distro-info-data_0.52_all.deb [5040/5040] -> "/workspace/build_cache/chroot//var/cache/apt/archives/partial/distro-info-data_0.52_all.deb" [1]
2026-09-18 21:41:52 URL:http://archive.ubuntu.com/ubuntu/pool/main/l/lvm2/dmsetup_1.02.175-2.1ubuntu4_amd64.deb [81678/81678] -> "/workspace/build_cache/chroot//var/cache/apt/archives/partial/dmsetup_2%3a1.02.175-2.1ubuntu4_amd64.deb" [1]
2026-09-18 21:41:55 URL:http://archive.ubuntu.com/ubuntu/pool/main/d/dpkg/dpkg_1.21.1ubuntu2_amd64.deb [1239788/1239788] -> "/workspace/build_cache/chroot//var/cache/apt/archives/partial/dpkg_1.21.1ubuntu2_amd64.deb" [1]
2026-09-18 21:41:58 URL:http://archive.ubuntu.com/ubuntu/pool/main/e/e2fsprogs/e2fsprogs_1.46.5-2ubuntu1_amd64.deb [590520/590520] -> "/workspace/build_cache/chroot//var/cache/apt/archives/partial/e2fsprogs_1.46.5-2ubuntu1_amd64.deb" [1]
2026-09-18 21:41:59 URL:http://archive.ubuntu.com/ubuntu/pool/main/u/util-linux/eject_2.37.2-4ubuntu3_amd64.deb [26848/26848] -> "/workspace/build_cache/chroot//var/cache/apt/archives/partial/eject_2.37.2-4ubuntu3_amd64.deb" [1]
2026-09-18 21:42:00 URL:http://archive.ubuntu.com/ubuntu/pool/main/f/findutils/findutils_4.8.0-1ubuntu3_amd64.deb [331640/331640] -> "/workspace/build_cache/chroot//var/cache/apt/archives/partial/findutils_4.8.0-1ubuntu3_amd64.deb" [1]
2026-09-18 21:42:01 URL:http://archive.ubuntu.com/ubuntu/pool/main/g/gcc-12/gcc-12-base_12-20220319-1ubuntu1_amd64.deb [18880/18880] -> "/workspace/build_cache/chroot//var/cache/apt/archives/partial/gcc-12-base_12-20220319-1ubuntu1_amd64.deb" [1]
2026-09-18 21:42:03 URL:http://archive.ubuntu.com/ubuntu/pool/main/g/gobject-introspection/gir1.2-glib-2.0_1.72.0-1_amd64.deb [163890/163890] -> "/workspace/build_cache/chroot//var/cache/apt/archives/partial/gir1.2-glib-2.0_1.72.0-1_amd64.deb" [1]
2026-09-18 21:42:04 URL:http://archive.ubuntu.com/ubuntu/pool/main/g/gnupg2/gpgv_2.2.27-3ubuntu2_amd64.deb [136750/136750] -> "/workspace/build_cache/chroot//var/cache/apt/archives/partial/gpgv_2.2.27-3ubuntu2_amd64.deb" [1]
2026-09-18 21:42:06 URL:http://archive.ubuntu.com/ubuntu/pool/main/g/grep/grep_3.7-1build1_amd64.deb [155818/155818] -> "/workspace/build_cache/chroot//var/cache/apt/archives/partial/grep_3.7-1build1_amd64.deb" [1]
2026-09-18 21:42:07 URL:http://archive.ubuntu.com/ubuntu/pool/main/g/gzip/gzip_1.10-4ubuntu4_amd64.deb [95986/95986] -> "/workspace/build_cache/chroot//var/cache/apt/archives/partial/gzip_1.10-4ubuntu4_amd64.deb" [1]
2026-09-18 21:42:07 URL:http://archive.ubuntu.com/ubuntu/pool/main/h/hostname/hostname_3.23ubuntu2_amd64.deb [11414/11414] -> "/workspace/build_cache/chroot//var/cache/apt/archives/partial/hostname_3.23ubuntu2_amd64.deb" [1]
2026-09-18 21:42:08 URL:http://archive.ubuntu.com/ubuntu/pool/main/i/init-system-helpers/init_1.62_amd64.deb [5412/5412] -> "/workspace/build_cache/chroot//var/cache/apt/archives/partial/init_1.62_amd64.deb" [1]
2026-09-18 21:42:09 URL:http://archive.ubuntu.com/ubuntu/pool/main/i/init-system-helpers/init-system-helpers_1.62_all.deb [38498/38498] -> "/workspace/build_cache/chroot//var/cache/apt/archives/partial/init-system-helpers_1.62_all.deb" [1]
2026-09-18 21:42:11 URL:http://archive.ubuntu.com/ubuntu/pool/main/i/iproute2/iproute2_5.15.0-1ubuntu2_amd64.deb [1070038/1070038] -> "/workspace/build_cache/chroot//var/cache/apt/archives/partial/iproute2_5.15.0-1ubuntu2_amd64.deb" [1]
2026-09-18 21:42:12 URL:http://archive.ubuntu.com/ubuntu/pool/main/i/iputils/iputils-ping_20211215-1_amd64.deb [42860/42860] -> "/workspace/build_cache/chroot//var/cache/apt/archives/partial/iputils-ping_3%3a20211215-1_amd64.deb" [1]
2026-09-18 21:42:14 URL:http://archive.ubuntu.com/ubuntu/pool/main/i/isc-dhcp/isc-dhcp-client_4.4.1-2.3ubuntu2_amd64.deb [233532/233532] -> "/workspace/build_cache/chroot//var/cache/apt/archives/partial/isc-dhcp-client_4.4.1-2.3ubuntu2_amd64.deb" [1]
2026-09-18 21:42:15 URL:http://archive.ubuntu.com/ubuntu/pool/main/i/isc-dhcp/isc-dhcp-common_4.4.1-2.3ubuntu2_amd64.deb [44480/44480] -> "/workspace/build_cache/chroot//var/cache/apt/archives/partial/isc-dhcp-common_4.4.1-2.3ubuntu2_amd64.deb" [1]
2026-09-18 21:42:17 URL:http://archive.ubuntu.com/ubuntu/pool/main/i/iso-codes/iso-codes_4.9.0-1_all.deb [3459400/3459400] -> "/workspace/build_cache/chroot//var/cache/apt/archives/partial/iso-codes_4.9.0-1_all.deb" [1]
2026-09-18 21:42:19 URL:http://archive.ubuntu.com/ubuntu/pool/main/k/kbd/kbd_2.3.0-3ubuntu4_amd64.deb [245844/245844] -> "/workspace/build_cache/chroot//var/cache/apt/archives/partial/kbd_2.3.0-3ubuntu4_amd64.deb" [1]
2026-09-18 21:42:21 URL:http://archive.ubuntu.com/ubuntu/pool/main/c/console-setup/keyboard-configuration_1.205ubuntu3_all.deb [205996/205996] -> "/workspace/build_cache/chroot//var/cache/apt/archives/partial/keyboard-configuration_1.205ubuntu3_all.deb" [1]
2026-09-18 21:42:22 URL:http://archive.ubuntu.com/ubuntu/pool/main/k/kmod/kmod_29-1ubuntu1_amd64.deb [101464/101464] -> "/workspace/build_cache/chroot//var/cache/apt/archives/partial/kmod_29-1ubuntu1_amd64.deb" [1]
2026-09-18 21:42:24 URL:http://archive.ubuntu.com/ubuntu/pool/main/l/less/less_590-1build1_amd64.deb [142754/142754] -> "/workspace/build_cache/chroot//var/cache/apt/archives/partial/less_590-1build1_amd64.deb" [1]
2026-09-18 21:42:24 URL:http://archive.ubuntu.com/ubuntu/pool/main/a/acl/libacl1_2.3.1-1_amd64.deb [16218/16218] -> "/workspace/build_cache/chroot//var/cache/apt/archives/partial/libacl1_2.3.1-1_amd64.deb" [1]
2026-09-18 21:42:25 URL:http://archive.ubuntu.com/ubuntu/pool/main/a/apparmor/libapparmor1_3.0.4-2ubuntu2_amd64.deb [38672/38672] -> "/workspace/build_cache/chroot//var/cache/apt/archives/partial/libapparmor1_3.0.4-2ubuntu2_amd64.deb" [1]
2026-09-18 21:42:28 URL:http://archive.ubuntu.com/ubuntu/pool/main/a/apt/libapt-pkg6.0_2.4.5_amd64.deb [903974/903974] -> "/workspace/build_cache/chroot//var/cache/apt/archives/partial/libapt-pkg6.0_2.4.5_amd64.deb" [1]
2026-09-18 21:42:28 URL:http://archive.ubuntu.com/ubuntu/pool/main/a/argon2/libargon2-1_0~20171227-0.3_amd64.deb [19478/19478] -> "/workspace/build_cache/chroot//var/cache/apt/archives/partial/libargon2-1_0~20171227-0.3_amd64.deb" [1]
2026-09-18 21:42:29 URL:http://archive.ubuntu.com/ubuntu/pool/main/l/linux-atm/libatm1_2.5.1-4build2_amd64.deb [22768/22768] -> "/workspace/build_cache/chroot//var/cache/apt/archives/partial/libatm1_1%3a2.5.1-4build2_amd64.deb" [1]
2026-09-18 21:42:30 URL:http://archive.ubuntu.com/ubuntu/pool/main/a/attr/libattr1_2.5.1-1build1_amd64.deb [13298/13298] -> "/workspace/build_cache/chroot//var/cache/apt/archives/partial/libattr1_1%3a2.5.1-1build1_amd64.deb" [1]
2026-09-18 21:42:30 URL:http://archive.ubuntu.com/ubuntu/pool/main/a/audit/libaudit-common_3.0.7-1build1_all.deb [4726/4726] -> "/workspace/build_cache/chroot//var/cache/apt/archives/partial/libaudit-common_1%3a3.0.7-1build1_all.deb" [1]
2026-09-18 21:42:32 URL:http://archive.ubuntu.com/ubuntu/pool/main/a/audit/libaudit1_3.0.7-1build1_amd64.deb [46920/46920] -> "/workspace/build_cache/chroot//var/cache/apt/archives/partial/libaudit1_1%3a3.0.7-1build1_amd64.deb" [1]
2026-09-18 21:42:33 URL:http://archive.ubuntu.com/ubuntu/pool/main/u/util-linux/libblkid1_2.37.2-4ubuntu3_amd64.deb [103598/103598] -> "/workspace/build_cache/chroot//var/cache/apt/archives/partial/libblkid1_2.37.2-4ubuntu3_amd64.deb" [1]
2026-09-18 21:42:34 URL:http://archive.ubuntu.com/ubuntu/pool/main/libb/libbpf/libbpf0_0.5.0-1_amd64.deb [139806/139806] -> "/workspace/build_cache/chroot//var/cache/apt/archives/partial/libbpf0_1%3a0.5.0-1_amd64.deb" [1]
2026-09-18 21:42:35 URL:http://archive.ubuntu.com/ubuntu/pool/main/libb/libbsd/libbsd0_0.11.5-1_amd64.deb [44760/44760] -> "/workspace/build_cache/chroot//var/cache/apt/archives/partial/libbsd0_0.11.5-1_amd64.deb" [1]
2026-09-18 21:42:36 URL:http://archive.ubuntu.com/ubuntu/pool/main/b/bzip2/libbz2-1.0_1.0.8-5build1_amd64.deb [34446/34446] -> "/workspace/build_cache/chroot//var/cache/apt/archives/partial/libbz2-1.0_1.0.8-5build1_amd64.deb" [1]
2026-09-18 21:42:38 URL:http://archive.ubuntu.com/ubuntu/pool/main/g/glibc/libc-bin_2.35-0ubuntu3_amd64.deb [705896/705896] -> "/workspace/build_cache/chroot//var/cache/apt/archives/partial/libc-bin_2.35-0ubuntu3_amd64.deb" [1]
2026-09-18 21:42:40 URL:http://archive.ubuntu.com/ubuntu/pool/main/g/glibc/libc6_2.35-0ubuntu3_amd64.deb [3235142/3235142] -> "/workspace/build_cache/chroot//var/cache/apt/archives/partial/libc6_2.35-0ubuntu3_amd64.deb" [1]
2026-09-18 21:42:41 URL:http://archive.ubuntu.com/ubuntu/pool/main/libc/libcap-ng/libcap-ng0_0.7.9-2.2build3_amd64.deb [11588/11588] -> "/workspace/build_cache/chroot//var/cache/apt/archives/partial/libcap-ng0_0.7.9-2.2build3_amd64.deb" [1]
2026-09-18 21:42:42 URL:http://archive.ubuntu.com/ubuntu/pool/main/libc/libcap2/libcap2_2.44-1build3_amd64.deb [18114/18114] -> "/workspace/build_cache/chroot//var/cache/apt/archives/partial/libcap2_1%3a2.44-1build3_amd64.deb" [1]
2026-09-18 21:42:43 URL:http://archive.ubuntu.com/ubuntu/pool/main/libc/libcap2/libcap2-bin_2.44-1build3_amd64.deb [26008/26008] -> "/workspace/build_cache/chroot//var/cache/apt/archives/partial/libcap2-bin_1%3a2.44-1build3_amd64.deb" [1]
2026-09-18 21:42:43 URL:http://archive.ubuntu.com/ubuntu/pool/main/e/e2fsprogs/libcom-err2_1.46.5-2ubuntu1_amd64.deb [9846/9846] -> "/workspace/build_cache/chroot//var/cache/apt/archives/partial/libcom-err2_1.46.5-2ubuntu1_amd64.deb" [1]
2026-09-18 21:42:45 URL:http://archive.ubuntu.com/ubuntu/pool/main/libx/libxcrypt/libcrypt1_4.4.27-1_amd64.deb [82004/82004] -> "/workspace/build_cache/chroot//var/cache/apt/archives/partial/libcrypt1_1%3a4.4.27-1_amd64.deb" [1]
2026-09-18 21:42:46 URL:http://archive.ubuntu.com/ubuntu/pool/main/c/cryptsetup/libcryptsetup12_2.4.3-1ubuntu1_amd64.deb [211240/211240] -> "/workspace/build_cache/chroot//var/cache/apt/archives/partial/libcryptsetup12_2%3a2.4.3-1ubuntu1_amd64.deb" [1]
2026-09-18 21:42:48 URL:http://archive.ubuntu.com/ubuntu/pool/main/d/db5.3/libdb5.3_5.3.28+dfsg1-0.8ubuntu3_amd64.deb [721906/721906] -> "/workspace/build_cache/chroot//var/cache/apt/archives/partial/libdb5.3_5.3.28+dfsg1-0.8ubuntu3_amd64.deb" [1]
2026-09-18 21:42:50 URL:http://archive.ubuntu.com/ubuntu/pool/main/d/dbus/libdbus-1-3_1.12.20-2ubuntu4_amd64.deb [188358/188358] -> "/workspace/build_cache/chroot//var/cache/apt/archives/partial/libdbus-1-3_1.12.20-2ubuntu4_amd64.deb" [1]
2026-09-18 21:42:50 URL:http://archive.ubuntu.com/ubuntu/pool/main/c/cdebconf/libdebconfclient0_0.261ubuntu1_amd64.deb [7198/7198] -> "/workspace/build_cache/chroot//var/cache/apt/archives/partial/libdebconfclient0_0.261ubuntu1_amd64.deb" [1]
2026-09-18 21:42:52 URL:http://archive.ubuntu.com/ubuntu/pool/main/l/lvm2/libdevmapper1.02.1_1.02.175-2.1ubuntu4_amd64.deb [139128/139128] -> "/workspace/build_cache/chroot//var/cache/apt/archives/partial/libdevmapper1.02.1_2%3a1.02.175-2.1ubuntu4_amd64.deb" [1]
2026-09-18 21:42:54 URL:http://archive.ubuntu.com/ubuntu/pool/main/b/bind9-libs/libdns-export1110_9.11.19+dfsg-2.1ubuntu3_amd64.deb [827112/827112] -> "/workspace/build_cache/chroot//var/cache/apt/archives/partial/libdns-export1110_1%3a9.11.19+dfsg-2.1ubuntu3_amd64.deb" [1]
2026-09-18 21:42:55 URL:http://archive.ubuntu.com/ubuntu/pool/main/e/elfutils/libelf1_0.186-1build1_amd64.deb [51016/51016] -> "/workspace/build_cache/chroot//var/cache/apt/archives/partial/libelf1_0.186-1build1_amd64.deb" [1]
2026-09-18 21:42:56 URL:http://archive.ubuntu.com/ubuntu/pool/main/libe/libestr/libestr0_0.1.10-2.1build3_amd64.deb [7796/7796] -> "/workspace/build_cache/chroot//var/cache/apt/archives/partial/libestr0_0.1.10-2.1build3_amd64.deb" [1]
2026-09-18 21:42:57 URL:http://archive.ubuntu.com/ubuntu/pool/main/e/expat/libexpat1_2.4.7-1_amd64.deb [90742/90742] -> "/workspace/build_cache/chroot//var/cache/apt/archives/partial/libexpat1_2.4.7-1_amd64.deb" [1]
2026-09-18 21:42:58 URL:http://archive.ubuntu.com/ubuntu/pool/main/e/e2fsprogs/libext2fs2_1.46.5-2ubuntu1_amd64.deb [208986/208986] -> "/workspace/build_cache/chroot//var/cache/apt/archives/partial/libext2fs2_1.46.5-2ubuntu1_amd64.deb" [1]
2026-09-18 21:42:59 URL:http://archive.ubuntu.com/ubuntu/pool/main/libf/libfastjson/libfastjson4_0.99.9-1build2_amd64.deb [22956/22956] -> "/workspace/build_cache/chroot//var/cache/apt/archives/partial/libfastjson4_0.99.9-1build2_amd64.deb" [1]
2026-09-18 21:43:00 URL:http://archive.ubuntu.com/ubuntu/pool/main/libf/libffi/libffi8_3.4.2-4_amd64.deb [22326/22326] -> "/workspace/build_cache/chroot//var/cache/apt/archives/partial/libffi8_3.4.2-4_amd64.deb" [1]
2026-09-18 21:43:01 URL:http://archive.ubuntu.com/ubuntu/pool/main/f/fribidi/libfribidi0_1.0.8-2ubuntu3_amd64.deb [25658/25658] -> "/workspace/build_cache/chroot//var/cache/apt/archives/partial/libfribidi0_1.0.8-2ubuntu3_amd64.deb" [1]
2026-09-18 21:43:02 URL:http://archive.ubuntu.com/ubuntu/pool/main/g/gcc-12/libgcc-s1_12-20220319-1ubuntu1_amd64.deb [54224/54224] -> "/workspace/build_cache/chroot//var/cache/apt/archives/partial/libgcc-s1_12-20220319-1ubuntu1_amd64.deb" [1]
2026-09-18 21:43:04 URL:http://archive.ubuntu.com/ubuntu/pool/main/libg/libgcrypt20/libgcrypt20_1.9.4-3ubuntu3_amd64.deb [515428/515428] -> "/workspace/build_cache/chroot//var/cache/apt/archives/partial/libgcrypt20_1.9.4-3ubuntu3_amd64.deb" [1]
2026-09-18 21:43:06 URL:http://archive.ubuntu.com/ubuntu/pool/main/g/gobject-introspection/libgirepository-1.0-1_1.72.0-1_amd64.deb [55644/55644] -> "/workspace/build_cache/chroot//var/cache/apt/archives/partial/libgirepository-1.0-1_1.72.0-1_amd64.deb" [1]
2026-09-18 21:43:10 URL:http://archive.ubuntu.com/ubuntu/pool/main/g/glib2.0/libglib2.0-0_2.72.1-1_amd64.deb [1459724/1459724] -> "/workspace/build_cache/chroot//var/cache/apt/archives/partial/libglib2.0-0_2.72.1-1_amd64.deb" [1]
2026-09-18 21:43:11 URL:http://archive.ubuntu.com/ubuntu/pool/main/g/glib2.0/libglib2.0-data_2.72.1-1_all.deb [4908/4908] -> "/workspace/build_cache/chroot//var/cache/apt/archives/partial/libglib2.0-data_2.72.1-1_all.deb" [1]
2026-09-18 21:43:14 URL:http://archive.ubuntu.com/ubuntu/pool/main/g/gmp/libgmp10_6.2.1+dfsg-3ubuntu1_amd64.deb [250148/250148] -> "/workspace/build_cache/chroot//var/cache/apt/archives/partial/libgmp10_2%3a6.2.1+dfsg-3ubuntu1_amd64.deb" [1]
2026-09-18 21:43:26 URL:http://archive.ubuntu.com/ubuntu/pool/main/g/gnutls28/libgnutls30_3.7.3-4ubuntu1_amd64.deb [968262/968262] -> "/workspace/build_cache/chroot//var/cache/apt/archives/partial/libgnutls30_3.7.3-4ubuntu1_amd64.deb" [1]
2026-09-18 21:43:31 URL:http://archive.ubuntu.com/ubuntu/pool/main/libg/libgpg-error/libgpg-error0_1.43-3_amd64.deb [69684/69684] -> "/workspace/build_cache/chroot//var/cache/apt/archives/partial/libgpg-error0_1.43-3_amd64.deb" [1]
2026-09-18 21:43:33 URL:http://archive.ubuntu.com/ubuntu/pool/main/k/krb5/libgssapi-krb5-2_1.19.2-2_amd64.deb [143724/143724] -> "/workspace/build_cache/chroot//var/cache/apt/archives/partial/libgssapi-krb5-2_1.19.2-2_amd64.deb" [1]
2026-09-18 21:43:35 URL:http://archive.ubuntu.com/ubuntu/pool/main/n/nettle/libhogweed6_3.7.3-1build2_amd64.deb [199324/199324] -> "/workspace/build_cache/chroot//var/cache/apt/archives/partial/libhogweed6_3.7.3-1build2_amd64.deb" [1]
2026-09-18 21:43:40 URL:http://archive.ubuntu.com/ubuntu/pool/main/i/icu/libicu70_70.1-2_amd64.deb [10581942/10581942] -> "/workspace/build_cache/chroot//var/cache/apt/archives/partial/libicu70_70.1-2_amd64.deb" [1]
2026-09-18 21:43:42 URL:http://archive.ubuntu.com/ubuntu/pool/main/libi/libidn2/libidn2-0_2.3.2-2build1_amd64.deb [66396/66396] -> "/workspace/build_cache/chroot//var/cache/apt/archives/partial/libidn2-0_2.3.2-2build1_amd64.deb" [1]
2026-09-18 21:43:43 URL:http://archive.ubuntu.com/ubuntu/pool/main/i/iptables/libip4tc2_1.8.7-1ubuntu5_amd64.deb [19714/19714] -> "/workspace/build_cache/chroot//var/cache/apt/archives/partial/libip4tc2_1.8.7-1ubuntu5_amd64.deb" [1]
2026-09-18 21:43:45 URL:http://archive.ubuntu.com/ubuntu/pool/main/b/bind9-libs/libisc-export1105_9.11.19+dfsg-2.1ubuntu3_amd64.deb [191844/191844] -> "/workspace/build_cache/chroot//var/cache/apt/archives/partial/libisc-export1105_1%3a9.11.19+dfsg-2.1ubuntu3_amd64.deb" [1]
2026-09-18 21:43:47 URL:http://archive.ubuntu.com/ubuntu/pool/main/j/json-c/libjson-c5_0.15-2build4_amd64.deb [33298/33298] -> "/workspace/build_cache/chroot//var/cache/apt/archives/partial/libjson-c5_0.15-2build4_amd64.deb" [1]
2026-09-18 21:43:49 URL:http://archive.ubuntu.com/ubuntu/pool/main/k/krb5/libk5crypto3_1.19.2-2_amd64.deb [86372/86372] -> "/workspace/build_cache/chroot//var/cache/apt/archives/partial/libk5crypto3_1.19.2-2_amd64.deb" [1]
2026-09-18 21:43:50 URL:http://archive.ubuntu.com/ubuntu/pool/main/k/keyutils/libkeyutils1_1.6.1-2ubuntu3_amd64.deb [10376/10376] -> "/workspace/build_cache/chroot//var/cache/apt/archives/partial/libkeyutils1_1.6.1-2ubuntu3_amd64.deb" [1]
2026-09-18 21:43:52 URL:http://archive.ubuntu.com/ubuntu/pool/main/k/kmod/libkmod2_29-1ubuntu1_amd64.deb [47996/47996] -> "/workspace/build_cache/chroot//var/cache/apt/archives/partial/libkmod2_29-1ubuntu1_amd64.deb" [1]
2026-09-18 21:43:55 URL:http://archive.ubuntu.com/ubuntu/pool/main/k/krb5/libkrb5-3_1.19.2-2_amd64.deb [356212/356212] -> "/workspace/build_cache/chroot//var/cache/apt/archives/partial/libkrb5-3_1.19.2-2_amd64.deb" [1]
2026-09-18 21:43:57 URL:http://archive.ubuntu.com/ubuntu/pool/main/k/krb5/libkrb5support0_1.19.2-2_amd64.deb [32358/32358] -> "/workspace/build_cache/chroot//var/cache/apt/archives/partial/libkrb5support0_1.19.2-2_amd64.deb" [1]
2026-09-18 21:43:58 URL:http://archive.ubuntu.com/ubuntu/pool/main/libl/liblocale-gettext-perl/liblocale-gettext-perl_1.07-4build3_amd64.deb [17100/17100] -> "/workspace/build_cache/chroot//var/cache/apt/archives/partial/liblocale-gettext-perl_1.07-4build3_amd64.deb" [1]
2026-09-18 21:44:00 URL:http://archive.ubuntu.com/ubuntu/pool/main/l/lz4/liblz4-1_1.9.3-2build2_amd64.deb [56930/56930] -> "/workspace/build_cache/chroot//var/cache/apt/archives/partial/liblz4-1_1.9.3-2build2_amd64.deb" [1]
2026-09-18 21:44:02 URL:http://archive.ubuntu.com/ubuntu/pool/main/x/xz-utils/liblzma5_5.2.5-2ubuntu1_amd64.deb [99544/99544] -> "/workspace/build_cache/chroot//var/cache/apt/archives/partial/liblzma5_5.2.5-2ubuntu1_amd64.deb" [1]
2026-09-18 21:44:03 URL:http://archive.ubuntu.com/ubuntu/pool/main/libm/libmd/libmd0_1.0.4-1build1_amd64.deb [22964/22964] -> "/workspace/build_cache/chroot//var/cache/apt/archives/partial/libmd0_1.0.4-1build1_amd64.deb" [1]
2026-09-18 21:44:04 URL:http://archive.ubuntu.com/ubuntu/pool/main/libm/libmnl/libmnl0_1.0.4-3build2_amd64.deb [13216/13216] -> "/workspace/build_cache/chroot//var/cache/apt/archives/partial/libmnl0_1.0.4-3build2_amd64.deb" [1]
2026-09-18 21:44:05 URL:http://archive.ubuntu.com/ubuntu/pool/main/u/util-linux/libmount1_2.37.2-4ubuntu3_amd64.deb [122008/122008] -> "/workspace/build_cache/chroot//var/cache/apt/archives/partial/libmount1_2.37.2-4ubuntu3_amd64.deb" [1]
2026-09-18 21:44:07 URL:http://archive.ubuntu.com/ubuntu/pool/main/m/mpdecimal/libmpdec3_2.5.1-2build2_amd64.deb [86788/86788] -> "/workspace/build_cache/chroot//var/cache/apt/archives/partial/libmpdec3_2.5.1-2build2_amd64.deb" [1]
2026-09-18 21:44:09 URL:http://archive.ubuntu.com/ubuntu/pool/main/n/ncurses/libncurses6_6.3-2_amd64.deb [111266/111266] -> "/workspace/build_cache/chroot//var/cache/apt/archives/partial/libncurses6_6.3-2_amd64.deb" [1]
2026-09-18 21:44:10 URL:http://archive.ubuntu.com/ubuntu/pool/main/n/ncurses/libncursesw6_6.3-2_amd64.deb [149304/149304] -> "/workspace/build_cache/chroot//var/cache/apt/archives/partial/libncursesw6_6.3-2_amd64.deb" [1]
2026-09-18 21:44:11 URL:http://archive.ubuntu.com/ubuntu/pool/main/n/netplan.io/libnetplan0_0.104-0ubuntu2_amd64.deb [90502/90502] -> "/workspace/build_cache/chroot//var/cache/apt/archives/partial/libnetplan0_0.104-0ubuntu2_amd64.deb" [1]
2026-09-18 21:44:12 URL:http://archive.ubuntu.com/ubuntu/pool/main/n/nettle/libnettle8_3.7.3-1build2_amd64.deb [158864/158864] -> "/workspace/build_cache/chroot//var/cache/apt/archives/partial/libnettle8_3.7.3-1build2_amd64.deb" [1]
2026-09-18 21:44:13 URL:http://archive.ubuntu.com/ubuntu/pool/main/n/newt/libnewt0.52_0.52.21-5ubuntu2_amd64.deb [45920/45920] -> "/workspace/build_cache/chroot//var/cache/apt/archives/partial/libnewt0.52_0.52.21-5ubuntu2_amd64.deb" [1]
2026-09-18 21:44:14 URL:http://archive.ubuntu.com/ubuntu/pool/main/libn/libnsl/libnsl2_1.3.0-2build2_amd64.deb [42340/42340] -> "/workspace/build_cache/chroot//var/cache/apt/archives/partial/libnsl2_1.3.0-2build2_amd64.deb" [1]
2026-09-18 21:44:15 URL:http://archive.ubuntu.com/ubuntu/pool/main/s/systemd/libnss-systemd_249.11-0ubuntu3_amd64.deb [132784/132784] -> "/workspace/build_cache/chroot//var/cache/apt/archives/partial/libnss-systemd_249.11-0ubuntu3_amd64.deb" [1]
2026-09-18 21:44:17 URL:http://archive.ubuntu.com/ubuntu/pool/main/p/p11-kit/libp11-kit0_0.24.0-6build1_amd64.deb [251896/251896] -> "/workspace/build_cache/chroot//var/cache/apt/archives/partial/libp11-kit0_0.24.0-6build1_amd64.deb" [1]
2026-09-18 21:44:17 URL:http://archive.ubuntu.com/ubuntu/pool/main/libc/libcap2/libpam-cap_2.44-1build3_amd64.deb [7932/7932] -> "/workspace/build_cache/chroot//var/cache/apt/archives/partial/libpam-cap_1%3a2.44-1build3_amd64.deb" [1]
2026-09-18 21:44:18 URL:http://archive.ubuntu.com/ubuntu/pool/main/p/pam/libpam-modules_1.4.0-11ubuntu2_amd64.deb [279632/279632] -> "/workspace/build_cache/chroot//var/cache/apt/archives/partial/libpam-modules_1.4.0-11ubuntu2_amd64.deb" [1]
2026-09-18 21:44:19 URL:http://archive.ubuntu.com/ubuntu/pool/main/p/pam/libpam-modules-bin_1.4.0-11ubuntu2_amd64.deb [37600/37600] -> "/workspace/build_cache/chroot//var/cache/apt/archives/partial/libpam-modules-bin_1.4.0-11ubuntu2_amd64.deb" [1]
2026-09-18 21:44:20 URL:http://archive.ubuntu.com/ubuntu/pool/main/p/pam/libpam-runtime_1.4.0-11ubuntu2_all.deb [40252/40252] -> "/workspace/build_cache/chroot//var/cache/apt/archives/partial/libpam-runtime_1.4.0-11ubuntu2_all.deb" [1]
2026-09-18 21:44:21 URL:http://archive.ubuntu.com/ubuntu/pool/main/s/systemd/libpam-systemd_249.11-0ubuntu3_amd64.deb [202942/202942] -> "/workspace/build_cache/chroot//var/cache/apt/archives/partial/libpam-systemd_249.11-0ubuntu3_amd64.deb" [1]
2026-09-18 21:44:22 URL:http://archive.ubuntu.com/ubuntu/pool/main/p/pam/libpam0g_1.4.0-11ubuntu2_amd64.deb [60802/60802] -> "/workspace/build_cache/chroot//var/cache/apt/archives/partial/libpam0g_1.4.0-11ubuntu2_amd64.deb" [1]
2026-09-18 21:44:24 URL:http://archive.ubuntu.com/ubuntu/pool/main/p/pcre2/libpcre2-8-0_10.39-3build1_amd64.deb [219728/219728] -> "/workspace/build_cache/chroot//var/cache/apt/archives/partial/libpcre2-8-0_10.39-3build1_amd64.deb" [1]
2026-09-18 21:44:25 URL:http://archive.ubuntu.com/ubuntu/pool/main/p/pcre3/libpcre3_8.39-13build5_amd64.deb [245340/245340] -> "/workspace/build_cache/chroot//var/cache/apt/archives/partial/libpcre3_2%3a8.39-13build5_amd64.deb" [1]
2026-09-18 21:44:26 URL:http://archive.ubuntu.com/ubuntu/pool/main/p/popt/libpopt0_1.18-3build1_amd64.deb [28160/28160] -> "/workspace/build_cache/chroot//var/cache/apt/archives/partial/libpopt0_1.18-3build1_amd64.deb" [1]
2026-09-18 21:44:27 URL:http://archive.ubuntu.com/ubuntu/pool/main/p/procps/libprocps8_3.3.17-6ubuntu2_amd64.deb [35960/35960] -> "/workspace/build_cache/chroot//var/cache/apt/archives/partial/libprocps8_2%3a3.3.17-6ubuntu2_amd64.deb" [1]
2026-09-18 21:44:27 URL:http://archive.ubuntu.com/ubuntu/pool/main/p/python3-defaults/libpython3-stdlib_3.10.4-0ubuntu2_amd64.deb [6990/6990] -> "/workspace/build_cache/chroot//var/cache/apt/archives/partial/libpython3-stdlib_3.10.4-0ubuntu2_amd64.deb" [1]
2026-09-18 21:44:29 URL:http://archive.ubuntu.com/ubuntu/pool/main/p/python3.10/libpython3.10-minimal_3.10.4-3_amd64.deb [808880/808880] -> "/workspace/build_cache/chroot//var/cache/apt/archives/partial/libpython3.10-minimal_3.10.4-3_amd64.deb" [1]
2026-09-18 21:44:31 URL:http://archive.ubuntu.com/ubuntu/pool/main/p/python3.10/libpython3.10-stdlib_3.10.4-3_amd64.deb [1829532/1829532] -> "/workspace/build_cache/chroot//var/cache/apt/archives/partial/libpython3.10-stdlib_3.10.4-3_amd64.deb" [1]
2026-09-18 21:44:33 URL:http://archive.ubuntu.com/ubuntu/pool/main/r/readline/libreadline8_8.1.2-1_amd64.deb [153210/153210] -> "/workspace/build_cache/chroot//var/cache/apt/archives/partial/libreadline8_8.1.2-1_amd64.deb" [1]
2026-09-18 21:44:33 URL:http://archive.ubuntu.com/ubuntu/pool/main/libs/libseccomp/libseccomp2_2.5.3-2ubuntu2_amd64.deb [47424/47424] -> "/workspace/build_cache/chroot//var/cache/apt/archives/partial/libseccomp2_2.5.3-2ubuntu2_amd64.deb" [1]
2026-09-18 21:44:35 URL:http://archive.ubuntu.com/ubuntu/pool/main/libs/libselinux/libselinux1_3.3-1build2_amd64.deb [74578/74578] -> "/workspace/build_cache/chroot//var/cache/apt/archives/partial/libselinux1_3.3-1build2_amd64.deb" [1]
2026-09-18 21:44:35 URL:http://archive.ubuntu.com/ubuntu/pool/main/libs/libsemanage/libsemanage-common_3.3-1build2_all.deb [9874/9874] -> "/workspace/build_cache/chroot//var/cache/apt/archives/partial/libsemanage-common_3.3-1build2_all.deb" [1]
2026-09-18 21:44:36 URL:http://archive.ubuntu.com/ubuntu/pool/main/libs/libsemanage/libsemanage2_3.3-1build2_amd64.deb [92630/92630] -> "/workspace/build_cache/chroot//var/cache/apt/archives/partial/libsemanage2_3.3-1build2_amd64.deb" [1]
2026-09-18 21:44:38 URL:http://archive.ubuntu.com/ubuntu/pool/main/libs/libsepol/libsepol2_3.3-1build1_amd64.deb [281694/281694] -> "/workspace/build_cache/chroot//var/cache/apt/archives/partial/libsepol2_3.3-1build1_amd64.deb" [1]
2026-09-18 21:44:39 URL:http://archive.ubuntu.com/ubuntu/pool/main/s/slang2/libslang2_2.3.2-5build4_amd64.deb [467748/467748] -> "/workspace/build_cache/chroot//var/cache/apt/archives/partial/libslang2_2.3.2-5build4_amd64.deb" [1]
2026-09-18 21:44:40 URL:http://archive.ubuntu.com/ubuntu/pool/main/u/util-linux/libsmartcols1_2.37.2-4ubuntu3_amd64.deb [51250/51250] -> "/workspace/build_cache/chroot//var/cache/apt/archives/partial/libsmartcols1_2.37.2-4ubuntu3_amd64.deb" [1]
2026-09-18 21:44:42 URL:http://archive.ubuntu.com/ubuntu/pool/main/s/sqlite3/libsqlite3-0_3.37.2-2_amd64.deb [642972/642972] -> "/workspace/build_cache/chroot//var/cache/apt/archives/partial/libsqlite3-0_3.37.2-2_amd64.deb" [1]
2026-09-18 21:44:42 URL:http://archive.ubuntu.com/ubuntu/pool/main/e/e2fsprogs/libss2_1.46.5-2ubuntu1_amd64.deb [12342/12342] -> "/workspace/build_cache/chroot//var/cache/apt/archives/partial/libss2_1.46.5-2ubuntu1_amd64.deb" [1]
2026-09-18 21:44:44 URL:http://archive.ubuntu.com/ubuntu/pool/main/o/openssl/libssl3_3.0.2-0ubuntu1_amd64.deb [1899080/1899080] -> "/workspace/build_cache/chroot//var/cache/apt/archives/partial/libssl3_3.0.2-0ubuntu1_amd64.deb" [1]
2026-09-18 21:44:46 URL:http://archive.ubuntu.com/ubuntu/pool/main/g/gcc-12/libstdc++6_12-20220319-1ubuntu1_amd64.deb [698528/698528] -> "/workspace/build_cache/chroot//var/cache/apt/archives/partial/libstdc++6_12-20220319-1ubuntu1_amd64.deb" [1]
2026-09-18 21:44:48 URL:http://archive.ubuntu.com/ubuntu/pool/main/s/systemd/libsystemd0_249.11-0ubuntu3_amd64.deb [317482/317482] -> "/workspace/build_cache/chroot//var/cache/apt/archives/partial/libsystemd0_249.11-0ubuntu3_amd64.deb" [1]
2026-09-18 21:44:49 URL:http://archive.ubuntu.com/ubuntu/pool/main/libt/libtasn1-6/libtasn1-6_4.18.0-4build1_amd64.deb [42922/42922] -> "/workspace/build_cache/chroot//var/cache/apt/archives/partial/libtasn1-6_4.18.0-4build1_amd64.deb" [1]
2026-09-18 21:44:49 URL:http://archive.ubuntu.com/ubuntu/pool/main/libt/libtext-charwidth-perl/libtext-charwidth-perl_0.04-10build3_amd64.deb [10158/10158] -> "/workspace/build_cache/chroot//var/cache/apt/archives/partial/libtext-charwidth-perl_0.04-10build3_amd64.deb" [1]
2026-09-18 21:44:50 URL:http://archive.ubuntu.com/ubuntu/pool/main/libt/libtext-iconv-perl/libtext-iconv-perl_1.7-7build3_amd64.deb [14278/14278] -> "/workspace/build_cache/chroot//var/cache/apt/archives/partial/libtext-iconv-perl_1.7-7build3_amd64.deb" [1]
2026-09-18 21:44:50 URL:http://archive.ubuntu.com/ubuntu/pool/main/libt/libtext-wrapi18n-perl/libtext-wrapi18n-perl_0.06-9_all.deb [8264/8264] -> "/workspace/build_cache/chroot//var/cache/apt/archives/partial/libtext-wrapi18n-perl_0.06-9_all.deb" [1]
2026-09-18 21:44:51 URL:http://archive.ubuntu.com/ubuntu/pool/main/n/ncurses/libtinfo6_6.3-2_amd64.deb [104134/104134] -> "/workspace/build_cache/chroot//var/cache/apt/archives/partial/libtinfo6_6.3-2_amd64.deb" [1]
2026-09-18 21:44:52 URL:http://archive.ubuntu.com/ubuntu/pool/main/libt/libtirpc/libtirpc-common_1.3.2-2build1_all.deb [7616/7616] -> "/workspace/build_cache/chroot//var/cache/apt/archives/partial/libtirpc-common_1.3.2-2build1_all.deb" [1]
2026-09-18 21:44:53 URL:http://archive.ubuntu.com/ubuntu/pool/main/libt/libtirpc/libtirpc3_1.3.2-2build1_amd64.deb [81066/81066] -> "/workspace/build_cache/chroot//var/cache/apt/archives/partial/libtirpc3_1.3.2-2build1_amd64.deb" [1]
2026-09-18 21:44:54 URL:http://archive.ubuntu.com/ubuntu/pool/main/s/systemd/libudev1_249.11-0ubuntu3_amd64.deb [76912/76912] -> "/workspace/build_cache/chroot//var/cache/apt/archives/partial/libudev1_249.11-0ubuntu3_amd64.deb" [1]
2026-09-18 21:44:56 URL:http://archive.ubuntu.com/ubuntu/pool/main/libu/libunistring/libunistring2_1.0-1_amd64.deb [553602/553602] -> "/workspace/build_cache/chroot//var/cache/apt/archives/partial/libunistring2_1.0-1_amd64.deb" [1]
2026-09-18 21:44:57 URL:http://archive.ubuntu.com/ubuntu/pool/main/u/util-linux/libuuid1_2.37.2-4ubuntu3_amd64.deb [24168/24168] -> "/workspace/build_cache/chroot//var/cache/apt/archives/partial/libuuid1_2.37.2-4ubuntu3_amd64.deb" [1]
2026-09-18 21:44:58 URL:http://archive.ubuntu.com/ubuntu/pool/main/libx/libxml2/libxml2_2.9.13+dfsg-1build1_amd64.deb [761916/761916] -> "/workspace/build_cache/chroot//var/cache/apt/archives/partial/libxml2_2.9.13+dfsg-1build1_amd64.deb" [1]
2026-09-18 21:44:59 URL:http://archive.ubuntu.com/ubuntu/pool/main/i/iptables/libxtables12_1.8.7-1ubuntu5_amd64.deb [31194/31194] -> "/workspace/build_cache/chroot//var/cache/apt/archives/partial/libxtables12_1.8.7-1ubuntu5_amd64.deb" [1]
2026-09-18 21:45:00 URL:http://archive.ubuntu.com/ubuntu/pool/main/x/xxhash/libxxhash0_0.8.1-1_amd64.deb [27258/27258] -> "/workspace/build_cache/chroot//var/cache/apt/archives/partial/libxxhash0_0.8.1-1_amd64.deb" [1]
2026-09-18 21:45:01 URL:http://archive.ubuntu.com/ubuntu/pool/main/liby/libyaml/libyaml-0-2_0.2.2-1build2_amd64.deb [51622/51622] -> "/workspace/build_cache/chroot//var/cache/apt/archives/partial/libyaml-0-2_0.2.2-1build2_amd64.deb" [1]
2026-09-18 21:45:02 URL:http://archive.ubuntu.com/ubuntu/pool/main/libz/libzstd/libzstd1_1.4.8+dfsg-3build1_amd64.deb [324024/324024] -> "/workspace/build_cache/chroot//var/cache/apt/archives/partial/libzstd1_1.4.8+dfsg-3build1_amd64.deb" [1]
2026-09-18 21:45:05 URL:http://archive.ubuntu.com/ubuntu/pool/main/g/glibc/locales_2.35-0ubuntu3_all.deb [4249078/4249078] -> "/workspace/build_cache/chroot//var/cache/apt/archives/partial/locales_2.35-0ubuntu3_all.deb" [1]
2026-09-18 21:45:06 URL:http://archive.ubuntu.com/ubuntu/pool/main/s/shadow/login_4.8.1-2ubuntu2_amd64.deb [187284/187284] -> "/workspace/build_cache/chroot//var/cache/apt/archives/partial/login_1%3a4.8.1-2ubuntu2_amd64.deb" [1]
2026-09-18 21:45:07 URL:http://archive.ubuntu.com/ubuntu/pool/main/l/logrotate/logrotate_3.19.0-1ubuntu1_amd64.deb [54146/54146] -> "/workspace/build_cache/chroot//var/cache/apt/archives/partial/logrotate_3.19.0-1ubuntu1_amd64.deb" [1]
2026-09-18 21:45:07 URL:http://archive.ubuntu.com/ubuntu/pool/main/e/e2fsprogs/logsave_1.46.5-2ubuntu1_amd64.deb [10708/10708] -> "/workspace/build_cache/chroot//var/cache/apt/archives/partial/logsave_1.46.5-2ubuntu1_amd64.deb" [1]
2026-09-18 21:45:08 URL:http://archive.ubuntu.com/ubuntu/pool/main/l/lsb/lsb-base_11.1.0ubuntu4_all.deb [12350/12350] -> "/workspace/build_cache/chroot//var/cache/apt/archives/partial/lsb-base_11.1.0ubuntu4_all.deb" [1]
2026-09-18 21:45:08 URL:http://archive.ubuntu.com/ubuntu/pool/main/l/lsb/lsb-release_11.1.0ubuntu4_all.deb [10772/10772] -> "/workspace/build_cache/chroot//var/cache/apt/archives/partial/lsb-release_11.1.0ubuntu4_all.deb" [1]
2026-09-18 21:45:10 URL:http://archive.ubuntu.com/ubuntu/pool/main/m/mawk/mawk_1.3.4.20200120-3_amd64.deb [103616/103616] -> "/workspace/build_cache/chroot//var/cache/apt/archives/partial/mawk_1.3.4.20200120-3_amd64.deb" [1]
2026-09-18 21:45:11 URL:http://archive.ubuntu.com/ubuntu/pool/main/m/media-types/media-types_7.0.0_all.deb [25510/25510] -> "/workspace/build_cache/chroot//var/cache/apt/archives/partial/media-types_7.0.0_all.deb" [1]
2026-09-18 21:45:12 URL:http://archive.ubuntu.com/ubuntu/pool/main/u/util-linux/mount_2.37.2-4ubuntu3_amd64.deb [114234/114234] -> "/workspace/build_cache/chroot//var/cache/apt/archives/partial/mount_2.37.2-4ubuntu3_amd64.deb" [1]
2026-09-18 21:45:13 URL:http://archive.ubuntu.com/ubuntu/pool/main/n/ncurses/ncurses-base_6.3-2_all.deb [20080/20080] -> "/workspace/build_cache/chroot//var/cache/apt/archives/partial/ncurses-base_6.3-2_all.deb" [1]
2026-09-18 21:45:14 URL:http://archive.ubuntu.com/ubuntu/pool/main/n/ncurses/ncurses-bin_6.3-2_amd64.deb [184296/184296] -> "/workspace/build_cache/chroot//var/cache/apt/archives/partial/ncurses-bin_6.3-2_amd64.deb" [1]
2026-09-18 21:45:15 URL:http://archive.ubuntu.com/ubuntu/pool/main/n/netbase/netbase_6.3_all.deb [12924/12924] -> "/workspace/build_cache/chroot//var/cache/apt/archives/partial/netbase_6.3_all.deb" [1]
2026-09-18 21:45:16 URL:http://archive.ubuntu.com/ubuntu/pool/main/n/netcat-openbsd/netcat-openbsd_1.218-4ubuntu1_amd64.deb [39388/39388] -> "/workspace/build_cache/chroot//var/cache/apt/archives/partial/netcat-openbsd_1.218-4ubuntu1_amd64.deb" [1]
2026-09-18 21:45:17 URL:http://archive.ubuntu.com/ubuntu/pool/main/n/netplan.io/netplan.io_0.104-0ubuntu2_amd64.deb [90752/90752] -> "/workspace/build_cache/chroot//var/cache/apt/archives/partial/netplan.io_0.104-0ubuntu2_amd64.deb" [1]
2026-09-18 21:45:17 URL:http://archive.ubuntu.com/ubuntu/pool/main/n/networkd-dispatcher/networkd-dispatcher_2.1-2_all.deb [14858/14858] -> "/workspace/build_cache/chroot//var/cache/apt/archives/partial/networkd-dispatcher_2.1-2_all.deb" [1]
2026-09-18 21:45:19 URL:http://archive.ubuntu.com/ubuntu/pool/main/o/openssl/openssl_3.0.2-0ubuntu1_amd64.deb [1186012/1186012] -> "/workspace/build_cache/chroot//var/cache/apt/archives/partial/openssl_3.0.2-0ubuntu1_amd64.deb" [1]
2026-09-18 21:45:21 URL:http://archive.ubuntu.com/ubuntu/pool/main/s/shadow/passwd_4.8.1-2ubuntu2_amd64.deb [766558/766558] -> "/workspace/build_cache/chroot//var/cache/apt/archives/partial/passwd_1%3a4.8.1-2ubuntu2_amd64.deb" [1]
2026-09-18 21:45:23 URL:http://archive.ubuntu.com/ubuntu/pool/main/p/perl/perl-base_5.34.0-3ubuntu1_amd64.deb [1761734/1761734] -> "/workspace/build_cache/chroot//var/cache/apt/archives/partial/perl-base_5.34.0-3ubuntu1_amd64.deb" [1]
2026-09-18 21:45:25 URL:http://archive.ubuntu.com/ubuntu/pool/main/p/procps/procps_3.3.17-6ubuntu2_amd64.deb [377444/377444] -> "/workspace/build_cache/chroot//var/cache/apt/archives/partial/procps_2%3a3.3.17-6ubuntu2_amd64.deb" [1]
2026-09-18 21:45:26 URL:http://archive.ubuntu.com/ubuntu/pool/main/p/python-apt/python-apt-common_2.3.0ubuntu2_all.deb [15242/15242] -> "/workspace/build_cache/chroot//var/cache/apt/archives/partial/python-apt-common_2.3.0ubuntu2_all.deb" [1]
2026-09-18 21:45:26 URL:http://archive.ubuntu.com/ubuntu/pool/main/p/python3-defaults/python3_3.10.4-0ubuntu2_amd64.deb [22772/22772] -> "/workspace/build_cache/chroot//var/cache/apt/archives/partial/python3_3.10.4-0ubuntu2_amd64.deb" [1]
2026-09-18 21:45:28 URL:http://archive.ubuntu.com/ubuntu/pool/main/p/python-apt/python3-apt_2.3.0ubuntu2_amd64.deb [164544/164544] -> "/workspace/build_cache/chroot//var/cache/apt/archives/partial/python3-apt_2.3.0ubuntu2_amd64.deb" [1]
2026-09-18 21:45:29 URL:http://archive.ubuntu.com/ubuntu/pool/main/d/dbus-python/python3-dbus_1.2.18-3build1_amd64.deb [99518/99518] -> "/workspace/build_cache/chroot//var/cache/apt/archives/partial/python3-dbus_1.2.18-3build1_amd64.deb" [1]
2026-09-18 21:45:30 URL:http://archive.ubuntu.com/ubuntu/pool/main/p/pygobject/python3-gi_3.42.0-3build1_amd64.deb [228626/228626] -> "/workspace/build_cache/chroot//var/cache/apt/archives/partial/python3-gi_3.42.0-3build1_amd64.deb" [1]
2026-09-18 21:45:31 URL:http://archive.ubuntu.com/ubuntu/pool/main/p/python3-defaults/python3-minimal_3.10.4-0ubuntu2_amd64.deb [24406/24406] -> "/workspace/build_cache/chroot//var/cache/apt/archives/partial/python3-minimal_3.10.4-0ubuntu2_amd64.deb" [1]
2026-09-18 21:45:31 URL:http://archive.ubuntu.com/ubuntu/pool/main/n/netifaces/python3-netifaces_0.11.0-1build2_amd64.deb [18276/18276] -> "/workspace/build_cache/chroot//var/cache/apt/archives/partial/python3-netifaces_0.11.0-1build2_amd64.deb" [1]
2026-09-18 21:45:33 URL:http://archive.ubuntu.com/ubuntu/pool/main/s/setuptools/python3-pkg-resources_59.6.0-1.2_all.deb [132304/132304] -> "/workspace/build_cache/chroot//var/cache/apt/archives/partial/python3-pkg-resources_59.6.0-1.2_all.deb" [1]
2026-09-18 21:45:34 URL:http://archive.ubuntu.com/ubuntu/pool/main/p/pyyaml/python3-yaml_5.4.1-1ubuntu1_amd64.deb [129332/129332] -> "/workspace/build_cache/chroot//var/cache/apt/archives/partial/python3-yaml_5.4.1-1ubuntu1_amd64.deb" [1]
2026-09-18 21:45:36 URL:http://archive.ubuntu.com/ubuntu/pool/main/p/python3.10/python3.10_3.10.4-3_amd64.deb [487814/487814] -> "/workspace/build_cache/chroot//var/cache/apt/archives/partial/python3.10_3.10.4-3_amd64.deb" [1]
2026-09-18 21:45:38 URL:http://archive.ubuntu.com/ubuntu/pool/main/p/python3.10/python3.10-minimal_3.10.4-3_amd64.deb [2245950/2245950] -> "/workspace/build_cache/chroot//var/cache/apt/archives/partial/python3.10-minimal_3.10.4-3_amd64.deb" [1]
2026-09-18 21:45:39 URL:http://archive.ubuntu.com/ubuntu/pool/main/r/readline/readline-common_8.1.2-1_all.deb [53544/53544] -> "/workspace/build_cache/chroot//var/cache/apt/archives/partial/readline-common_8.1.2-1_all.deb" [1]
2026-09-18 21:45:40 URL:http://archive.ubuntu.com/ubuntu/pool/main/r/rsyslog/rsyslog_8.2112.0-2ubuntu2_amd64.deb [496666/496666] -> "/workspace/build_cache/chroot//var/cache/apt/archives/partial/rsyslog_8.2112.0-2ubuntu2_amd64.deb" [1]
2026-09-18 21:45:42 URL:http://archive.ubuntu.com/ubuntu/pool/main/s/sed/sed_4.8-1ubuntu2_amd64.deb [188226/188226] -> "/workspace/build_cache/chroot//var/cache/apt/archives/partial/sed_4.8-1ubuntu2_amd64.deb" [1]
2026-09-18 21:45:43 URL:http://archive.ubuntu.com/ubuntu/pool/main/s/sensible-utils/sensible-utils_0.0.17_all.deb [20076/20076] -> "/workspace/build_cache/chroot//var/cache/apt/archives/partial/sensible-utils_0.0.17_all.deb" [1]
2026-09-18 21:45:44 URL:http://archive.ubuntu.com/ubuntu/pool/main/s/shared-mime-info/shared-mime-info_2.1-2_amd64.deb [453644/453644] -> "/workspace/build_cache/chroot//var/cache/apt/archives/partial/shared-mime-info_2.1-2_amd64.deb" [1]
2026-09-18 21:45:46 URL:http://archive.ubuntu.com/ubuntu/pool/main/s/sudo/sudo_1.9.9-1ubuntu2_amd64.deb [820274/820274] -> "/workspace/build_cache/chroot//var/cache/apt/archives/partial/sudo_1.9.9-1ubuntu2_amd64.deb" [1]
2026-09-18 21:45:48 URL:http://archive.ubuntu.com/ubuntu/pool/main/s/systemd/systemd_249.11-0ubuntu3_amd64.deb [4554204/4554204] -> "/workspace/build_cache/chroot//var/cache/apt/archives/partial/systemd_249.11-0ubuntu3_amd64.deb" [1]
2026-09-18 21:45:49 URL:http://archive.ubuntu.com/ubuntu/pool/main/s/systemd/systemd-sysv_249.11-0ubuntu3_amd64.deb [10460/10460] -> "/workspace/build_cache/chroot//var/cache/apt/archives/partial/systemd-sysv_249.11-0ubuntu3_amd64.deb" [1]
2026-09-18 21:45:50 URL:http://archive.ubuntu.com/ubuntu/pool/main/s/systemd/systemd-timesyncd_249.11-0ubuntu3_amd64.deb [31180/31180] -> "/workspace/build_cache/chroot//var/cache/apt/archives/partial/systemd-timesyncd_249.11-0ubuntu3_amd64.deb" [1]
2026-09-18 21:45:50 URL:http://archive.ubuntu.com/ubuntu/pool/main/s/sysvinit/sysvinit-utils_3.01-1ubuntu1_amd64.deb [20574/20574] -> "/workspace/build_cache/chroot//var/cache/apt/archives/partial/sysvinit-utils_3.01-1ubuntu1_amd64.deb" [1]
2026-09-18 21:45:52 URL:http://archive.ubuntu.com/ubuntu/pool/main/t/tar/tar_1.34+dfsg-1build3_amd64.deb [294890/294890] -> "/workspace/build_cache/chroot//var/cache/apt/archives/partial/tar_1.34+dfsg-1build3_amd64.deb" [1]
2026-09-18 21:45:53 URL:http://archive.ubuntu.com/ubuntu/pool/main/t/tzdata/tzdata_2022a-0ubuntu1_all.deb [341888/341888] -> "/workspace/build_cache/chroot//var/cache/apt/archives/partial/tzdata_2022a-0ubuntu1_all.deb" [1]
2026-09-18 21:45:55 URL:http://archive.ubuntu.com/ubuntu/pool/main/u/ubuntu-advantage-tools/ubuntu-advantage-tools_27.7~22.04.1_amd64.deb [844146/844146] -> "/workspace/build_cache/chroot//var/cache/apt/archives/partial/ubuntu-advantage-tools_27.7~22.04.1_amd64.deb" [1]
2026-09-18 21:45:56 URL:http://archive.ubuntu.com/ubuntu/pool/main/u/ubuntu-keyring/ubuntu-keyring_2021.03.26_all.deb [20856/20856] -> "/workspace/build_cache/chroot//var/cache/apt/archives/partial/ubuntu-keyring_2021.03.26_all.deb" [1]
2026-09-18 21:45:56 URL:http://archive.ubuntu.com/ubuntu/pool/main/u/ubuntu-meta/ubuntu-minimal_1.481_amd64.deb [2866/2866] -> "/workspace/build_cache/chroot//var/cache/apt/archives/partial/ubuntu-minimal_1.481_amd64.deb" [1]
2026-09-18 21:45:57 URL:http://archive.ubuntu.com/ubuntu/pool/main/u/ucf/ucf_3.0043_all.deb [56080/56080] -> "/workspace/build_cache/chroot//var/cache/apt/archives/partial/ucf_3.0043_all.deb" [1]
2026-09-18 21:45:59 URL:http://archive.ubuntu.com/ubuntu/pool/main/s/systemd/udev_249.11-0ubuntu3_amd64.deb [1556650/1556650] -> "/workspace/build_cache/chroot//var/cache/apt/archives/partial/udev_249.11-0ubuntu3_amd64.deb" [1]
2026-09-18 21:46:00 URL:http://archive.ubuntu.com/ubuntu/pool/main/u/usrmerge/usrmerge_25ubuntu2_all.deb [54662/54662] -> "/workspace/build_cache/chroot//var/cache/apt/archives/partial/usrmerge_25ubuntu2_all.deb" [1]
2026-09-18 21:46:02 URL:http://archive.ubuntu.com/ubuntu/pool/main/u/util-linux/util-linux_2.37.2-4ubuntu3_amd64.deb [1064042/1064042] -> "/workspace/build_cache/chroot//var/cache/apt/archives/partial/util-linux_2.37.2-4ubuntu3_amd64.deb" [1]
2026-09-18 21:46:03 URL:http://archive.ubuntu.com/ubuntu/pool/main/v/vim/vim-common_8.2.3995-1ubuntu2_all.deb [81500/81500] -> "/workspace/build_cache/chroot//var/cache/apt/archives/partial/vim-common_2%3a8.2.3995-1ubuntu2_all.deb" [1]
2026-09-18 21:46:05 URL:http://archive.ubuntu.com/ubuntu/pool/main/v/vim/vim-tiny_8.2.3995-1ubuntu2_amd64.deb [703584/703584] -> "/workspace/build_cache/chroot//var/cache/apt/archives/partial/vim-tiny_2%3a8.2.3995-1ubuntu2_amd64.deb" [1]
2026-09-18 21:46:06 URL:http://archive.ubuntu.com/ubuntu/pool/main/n/newt/whiptail_0.52.21-5ubuntu2_amd64.deb [17304/17304] -> "/workspace/build_cache/chroot//var/cache/apt/archives/partial/whiptail_0.52.21-5ubuntu2_amd64.deb" [1]
2026-09-18 21:46:07 URL:http://archive.ubuntu.com/ubuntu/pool/main/x/xdg-user-dirs/xdg-user-dirs_0.17-2ubuntu4_amd64.deb [53860/53860] -> "/workspace/build_cache/chroot//var/cache/apt/archives/partial/xdg-user-dirs_0.17-2ubuntu4_amd64.deb" [1]
2026-09-18 21:46:08 URL:http://archive.ubuntu.com/ubuntu/pool/main/x/xkeyboard-config/xkb-data_2.33-1_all.deb [394460/394460] -> "/workspace/build_cache/chroot//var/cache/apt/archives/partial/xkb-data_2.33-1_all.deb" [1]
2026-09-18 21:46:09 URL:http://archive.ubuntu.com/ubuntu/pool/main/v/vim/xxd_8.2.3995-1ubuntu2_amd64.deb [51110/51110] -> "/workspace/build_cache/chroot//var/cache/apt/archives/partial/xxd_2%3a8.2.3995-1ubuntu2_amd64.deb" [1]
2026-09-18 21:46:11 URL:http://archive.ubuntu.com/ubuntu/pool/main/z/zlib/zlib1g_1.2.11.dfsg-2ubuntu9_amd64.deb [58236/58236] -> "/workspace/build_cache/chroot//var/cache/apt/archives/partial/zlib1g_1%3a1.2.11.dfsg-2ubuntu9_amd64.deb" [1]
gpgv: Signature made Thu Apr 21 17:16:39 2022 UTC
gpgv:                using RSA key 871920D1991BC93C
gpgv: Good signature from "Ubuntu Archive Automatic Signing Key (2018) <ftpmaster@ubuntu.com>"
tar: ./usr/share/man/man7/pam.7.gz: Cannot create symlink to 'PAM.7.gz': File exists
tar: Exiting with failure status due to previous errors
